[debug] [2026-03-31T14:24:54.055Z] ----------------------------------------------------------------------
[debug] [2026-03-31T14:24:54.092Z] Command:       /home/godwin/.nvm/versions/node/v24.12.0/bin/node /home/godwin/.nvm/versions/node/v24.12.0/bin/firebase deploy --only hosting
[debug] [2026-03-31T14:24:54.092Z] CLI Version:   15.5.1
[debug] [2026-03-31T14:24:54.092Z] Platform:      linux
[debug] [2026-03-31T14:24:54.092Z] Node Version:  v24.12.0
[debug] [2026-03-31T14:24:54.093Z] Time:          Tue Mar 31 2026 14:24:54 GMT+0000 (Greenwich Mean Time)
[debug] [2026-03-31T14:24:54.093Z] ----------------------------------------------------------------------
[debug] 
[debug] [2026-03-31T14:24:55.447Z] > command requires scopes: ["email","openid","https://www.googleapis.com/auth/cloudplatformprojects.readonly","https://www.googleapis.com/auth/firebase","https://www.googleapis.com/auth/cloud-platform"]
[debug] [2026-03-31T14:24:55.447Z] > authorizing via signed-in user (mawulikplimgodwin@gmail.com)
[debug] [2026-03-31T14:24:55.447Z] [iam] checking project shine-on-cosmetics for permissions ["firebase.projects.get","firebasehosting.sites.update"]
[debug] [2026-03-31T14:24:55.448Z] Checked if tokens are valid: false, expires at: 1774963607694
[debug] [2026-03-31T14:24:55.448Z] Checked if tokens are valid: false, expires at: 1774963607694
[debug] [2026-03-31T14:24:55.448Z] > refreshing access token with scopes: []
[debug] [2026-03-31T14:24:55.450Z] >>> [apiv2][query] POST https://www.googleapis.com/oauth2/v3/token [none]
[debug] [2026-03-31T14:24:55.450Z] >>> [apiv2][body] POST https://www.googleapis.com/oauth2/v3/token [omitted]
[debug] [2026-03-31T14:24:57.778Z] *** [apiv2] error from fetch(https://www.googleapis.com/oauth2/v3/token, {"headers":{},"method":"POST","body":{"_overheadLength":545,"_valueLength":212,"_valuesToMeasure":[],"writable":false,"readable":true,"dataSize":0,"maxDataSize":2097152,"pauseStreams":true,"_released":true,"_streams":[],"_currentStream":null,"_insideLoop":false,"_pendingNext":false,"_boundary":"--------------------------9869913ab2f5177009e4ab39","_events":{},"_eventsCount":1}}): FetchError: request to https://www.googleapis.com/oauth2/v3/token failed, reason: getaddrinfo EAI_AGAIN www.googleapis.com
[error] Authentication Error: Your credentials are no longer valid. Please run firebase login --reauth

For CI servers and headless environments, generate a new token with firebase login:ci
[debug] [2026-03-31T14:24:57.779Z] [iam] error while checking permissions, command may fail: Authentication Error: Your credentials are no longer valid. Please run firebase login --reauth

For CI servers and headless environments, generate a new token with firebase login:ci
[debug] [2026-03-31T14:24:57.780Z] Checked if tokens are valid: false, expires at: 1774963607694
[debug] [2026-03-31T14:24:57.780Z] Checked if tokens are valid: false, expires at: 1774963607694
[debug] [2026-03-31T14:24:57.780Z] > refreshing access token with scopes: []
[debug] [2026-03-31T14:24:57.781Z] >>> [apiv2][query] POST https://www.googleapis.com/oauth2/v3/token [none]
[debug] [2026-03-31T14:24:57.781Z] >>> [apiv2][body] POST https://www.googleapis.com/oauth2/v3/token [omitted]
[debug] [2026-03-31T14:24:57.786Z] *** [apiv2] error from fetch(https://www.googleapis.com/oauth2/v3/token, {"headers":{},"method":"POST","body":{"_overheadLength":545,"_valueLength":212,"_valuesToMeasure":[],"writable":false,"readable":true,"dataSize":0,"maxDataSize":2097152,"pauseStreams":true,"_released":true,"_streams":[],"_currentStream":null,"_insideLoop":false,"_pendingNext":false,"_boundary":"--------------------------9489ce3794739ed1d3b0d93e","_events":{},"_eventsCount":1}}): FetchError: request to https://www.googleapis.com/oauth2/v3/token failed, reason: getaddrinfo EAI_AGAIN www.googleapis.com
[error] Authentication Error: Your credentials are no longer valid. Please run firebase login --reauth

For CI servers and headless environments, generate a new token with firebase login:ci
[debug] [2026-03-31T14:24:57.786Z] Authentication Error: Your credentials are no longer valid. Please run firebase login --reauth

For CI servers and headless environments, generate a new token with firebase login:ci
[error] 
[error] Error: Assertion failed: resolving hosting target of a site with no site name or target name. This should have caused an error earlier
[debug] [2026-03-31T14:26:30.179Z] ----------------------------------------------------------------------
[debug] [2026-03-31T14:26:30.180Z] Command:       /home/godwin/.nvm/versions/node/v24.12.0/bin/node /home/godwin/.nvm/versions/node/v24.12.0/bin/firebase deploy --only hosting
[debug] [2026-03-31T14:26:30.181Z] CLI Version:   15.5.1
[debug] [2026-03-31T14:26:30.181Z] Platform:      linux
[debug] [2026-03-31T14:26:30.181Z] Node Version:  v24.12.0
[debug] [2026-03-31T14:26:30.181Z] Time:          Tue Mar 31 2026 14:26:30 GMT+0000 (Greenwich Mean Time)
[debug] [2026-03-31T14:26:30.181Z] ----------------------------------------------------------------------
[debug] 
[debug] [2026-03-31T14:26:30.955Z] > command requires scopes: ["email","openid","https://www.googleapis.com/auth/cloudplatformprojects.readonly","https://www.googleapis.com/auth/firebase","https://www.googleapis.com/auth/cloud-platform"]
[debug] [2026-03-31T14:26:30.955Z] > authorizing via signed-in user (mawulikplimgodwin@gmail.com)
[debug] [2026-03-31T14:26:30.955Z] [iam] checking project shine-on-cosmetics for permissions ["firebase.projects.get","firebasehosting.sites.update"]
[debug] [2026-03-31T14:26:30.956Z] Checked if tokens are valid: false, expires at: 1774963607694
[debug] [2026-03-31T14:26:30.956Z] Checked if tokens are valid: false, expires at: 1774963607694
[debug] [2026-03-31T14:26:30.956Z] > refreshing access token with scopes: []
[debug] [2026-03-31T14:26:30.958Z] >>> [apiv2][query] POST https://www.googleapis.com/oauth2/v3/token [none]
[debug] [2026-03-31T14:26:30.958Z] >>> [apiv2][body] POST https://www.googleapis.com/oauth2/v3/token [omitted]
[debug] [2026-03-31T14:26:31.630Z] <<< [apiv2][status] POST https://www.googleapis.com/oauth2/v3/token 200
[debug] [2026-03-31T14:26:31.631Z] <<< [apiv2][body] POST https://www.googleapis.com/oauth2/v3/token [omitted]
[debug] [2026-03-31T14:26:31.639Z] >>> [apiv2][query] POST https://cloudresourcemanager.googleapis.com/v1/projects/shine-on-cosmetics:testIamPermissions [none]
[debug] [2026-03-31T14:26:31.639Z] >>> [apiv2][(partial)header] POST https://cloudresourcemanager.googleapis.com/v1/projects/shine-on-cosmetics:testIamPermissions  x-goog-user-project=shine-on-cosmetics
[debug] [2026-03-31T14:26:31.639Z] >>> [apiv2][body] POST https://cloudresourcemanager.googleapis.com/v1/projects/shine-on-cosmetics:testIamPermissions {"permissions":["firebase.projects.get","firebasehosting.sites.update"]}
