[debug] [2026-02-19T22:57:17.940Z] ----------------------------------------------------------------------
[debug] [2026-02-19T22:57:17.974Z] Command:       /home/godwin/.nvm/versions/node/v24.12.0/bin/node /home/godwin/.nvm/versions/node/v24.12.0/bin/firebase serve
[debug] [2026-02-19T22:57:17.974Z] CLI Version:   15.5.1
[debug] [2026-02-19T22:57:17.974Z] Platform:      linux
[debug] [2026-02-19T22:57:17.974Z] Node Version:  v24.12.0
[debug] [2026-02-19T22:57:17.975Z] Time:          Thu Feb 19 2026 22:57:17 GMT+0000 (Greenwich Mean Time)
[debug] [2026-02-19T22:57:17.975Z] ----------------------------------------------------------------------
[debug] 
[debug] [2026-02-19T22:57:19.825Z] > command requires scopes: ["email","openid","https://www.googleapis.com/auth/cloudplatformprojects.readonly","https://www.googleapis.com/auth/firebase","https://www.googleapis.com/auth/cloud-platform"]
[debug] [2026-02-19T22:57:19.826Z] > authorizing via signed-in user (mawulikplimgodwin@gmail.com)
[debug] [2026-02-19T22:57:19.826Z] [iam] checking project shine-on-cosmetics for permissions ["firebase.projects.get"]
[debug] [2026-02-19T22:57:19.827Z] Checked if tokens are valid: true, expires at: 1771544405812
[debug] [2026-02-19T22:57:19.827Z] Checked if tokens are valid: true, expires at: 1771544405812
[debug] [2026-02-19T22:57:19.829Z] >>> [apiv2][query] POST https://cloudresourcemanager.googleapis.com/v1/projects/shine-on-cosmetics:testIamPermissions [none]
[debug] [2026-02-19T22:57:19.829Z] >>> [apiv2][(partial)header] POST https://cloudresourcemanager.googleapis.com/v1/projects/shine-on-cosmetics:testIamPermissions  x-goog-user-project=shine-on-cosmetics
[debug] [2026-02-19T22:57:19.829Z] >>> [apiv2][body] POST https://cloudresourcemanager.googleapis.com/v1/projects/shine-on-cosmetics:testIamPermissions {"permissions":["firebase.projects.get"]}
[debug] [2026-02-19T22:57:20.983Z] <<< [apiv2][status] POST https://cloudresourcemanager.googleapis.com/v1/projects/shine-on-cosmetics:testIamPermissions 200
[debug] [2026-02-19T22:57:20.984Z] <<< [apiv2][body] POST https://cloudresourcemanager.googleapis.com/v1/projects/shine-on-cosmetics:testIamPermissions {"permissions":["firebase.projects.get"]}
[debug] [2026-02-19T22:57:20.989Z] Checked if tokens are valid: true, expires at: 1771544405812
[debug] [2026-02-19T22:57:20.989Z] Checked if tokens are valid: true, expires at: 1771544405812
[debug] [2026-02-19T22:57:20.989Z] >>> [apiv2][query] GET https://serviceusage.googleapis.com/v1/projects/shine-on-cosmetics/services/cloudresourcemanager.googleapis.com [none]
[debug] [2026-02-19T22:57:20.989Z] >>> [apiv2][(partial)header] GET https://serviceusage.googleapis.com/v1/projects/shine-on-cosmetics/services/cloudresourcemanager.googleapis.com  x-goog-user-project=shine-on-cosmetics
[debug] [2026-02-19T22:57:23.257Z] <<< [apiv2][status] GET https://serviceusage.googleapis.com/v1/projects/shine-on-cosmetics/services/cloudresourcemanager.googleapis.com 200
[debug] [2026-02-19T22:57:23.257Z] <<< [apiv2][body] GET https://serviceusage.googleapis.com/v1/projects/shine-on-cosmetics/services/cloudresourcemanager.googleapis.com [omitted]
[debug] [2026-02-19T22:57:23.261Z] Checked if tokens are valid: true, expires at: 1771544405812
[debug] [2026-02-19T22:57:23.261Z] Checked if tokens are valid: true, expires at: 1771544405812
[debug] [2026-02-19T22:57:23.261Z] >>> [apiv2][query] GET https://cloudresourcemanager.googleapis.com/v1/projects/shine-on-cosmetics [none]
[debug] [2026-02-19T22:57:23.590Z] <<< [apiv2][status] GET https://cloudresourcemanager.googleapis.com/v1/projects/shine-on-cosmetics 200
[debug] [2026-02-19T22:57:23.590Z] <<< [apiv2][body] GET https://cloudresourcemanager.googleapis.com/v1/projects/shine-on-cosmetics {"projectNumber":"454736529998","projectId":"shine-on-cosmetics","lifecycleState":"ACTIVE","name":"Shine On Cosmetics","labels":{"firebase":"enabled","firebase-core":"disabled"},"createTime":"2026-02-19T14:06:41.259564Z"}
[info] 
[info] === Serving from '/home/godwin/GitHub/Shine On Cosmetics'...
[info] 
[debug] [2026-02-19T22:57:23.594Z] Checked if tokens are valid: true, expires at: 1771544405812
[debug] [2026-02-19T22:57:23.594Z] Checked if tokens are valid: true, expires at: 1771544405812
[debug] [2026-02-19T22:57:23.598Z] >>> [apiv2][query] GET https://firebasehosting.googleapis.com/v1beta1/projects/shine-on-cosmetics/sites 
[debug] [2026-02-19T22:57:23.658Z] defaultcredentials: writing to file /home/godwin/.config/firebase/mawulikplimgodwin_gmail_com_application_default_credentials.json
[debug] [2026-02-19T22:57:23.659Z] Setting GAC to /home/godwin/.config/firebase/mawulikplimgodwin_gmail_com_application_default_credentials.json {"metadata":{"emulator":{"name":"functions"},"message":"Setting GAC to /home/godwin/.config/firebase/mawulikplimgodwin_gmail_com_application_default_credentials.json"}}
[debug] [2026-02-19T22:57:23.660Z] Checked if tokens are valid: true, expires at: 1771544405812
[debug] [2026-02-19T22:57:23.660Z] Checked if tokens are valid: true, expires at: 1771544405812
[debug] [2026-02-19T22:57:23.660Z] >>> [apiv2][query] GET https://firebase.googleapis.com/v1beta1/projects/shine-on-cosmetics/adminSdkConfig [none]
[debug] [2026-02-19T22:57:24.811Z] <<< [apiv2][status] GET https://firebase.googleapis.com/v1beta1/projects/shine-on-cosmetics/adminSdkConfig 200
[debug] [2026-02-19T22:57:24.811Z] <<< [apiv2][body] GET https://firebase.googleapis.com/v1beta1/projects/shine-on-cosmetics/adminSdkConfig {"projectId":"shine-on-cosmetics","storageBucket":"shine-on-cosmetics.firebasestorage.app"}
[debug] [2026-02-19T22:57:25.216Z] <<< [apiv2][status] GET https://firebasehosting.googleapis.com/v1beta1/projects/shine-on-cosmetics/sites 200
[debug] [2026-02-19T22:57:25.216Z] <<< [apiv2][body] GET https://firebasehosting.googleapis.com/v1beta1/projects/shine-on-cosmetics/sites {"sites":[{"name":"projects/shine-on-cosmetics/sites/shine-on-cosmetics","defaultUrl":"https://shine-on-cosmetics.web.app","appId":"1:454736529998:web:65792f211c5750d7b1911f","type":"DEFAULT_SITE"}]}
[debug] [2026-02-19T22:57:25.216Z] Checked if tokens are valid: true, expires at: 1771544405812
[debug] [2026-02-19T22:57:25.217Z] Checked if tokens are valid: true, expires at: 1771544405812
[debug] [2026-02-19T22:57:25.217Z] >>> [apiv2][query] GET https://firebase.googleapis.com/v1beta1/projects/shine-on-cosmetics/webApps/1:454736529998:web:65792f211c5750d7b1911f/config [none]
[debug] [2026-02-19T22:57:26.145Z] <<< [apiv2][status] GET https://firebase.googleapis.com/v1beta1/projects/shine-on-cosmetics/webApps/1:454736529998:web:65792f211c5750d7b1911f/config 200
[debug] [2026-02-19T22:57:26.145Z] <<< [apiv2][body] GET https://firebase.googleapis.com/v1beta1/projects/shine-on-cosmetics/webApps/1:454736529998:web:65792f211c5750d7b1911f/config {"projectId":"shine-on-cosmetics","appId":"1:454736529998:web:65792f211c5750d7b1911f","storageBucket":"shine-on-cosmetics.firebasestorage.app","apiKey":"AIzaSyARUB5rHEw_pMrzH4kHFkcRIoCA7dTtmys","authDomain":"shine-on-cosmetics.firebaseapp.com","messagingSenderId":"454736529998","measurementId":"G-FZZDR5745L","projectNumber":"454736529998","version":"2"}
[debug] [2026-02-19T22:57:26.150Z] Checked if tokens are valid: true, expires at: 1771544405812
[debug] [2026-02-19T22:57:26.150Z] Checked if tokens are valid: true, expires at: 1771544405812
[debug] [2026-02-19T22:57:26.151Z] >>> [apiv2][query] GET https://firebase.googleapis.com/v1beta1/projects/shine-on-cosmetics [none]
[debug] [2026-02-19T22:57:26.541Z] <<< [apiv2][status] GET https://firebase.googleapis.com/v1beta1/projects/shine-on-cosmetics 200
[debug] [2026-02-19T22:57:26.541Z] <<< [apiv2][body] GET https://firebase.googleapis.com/v1beta1/projects/shine-on-cosmetics {"projectId":"shine-on-cosmetics","projectNumber":"454736529998","displayName":"Shine On Cosmetics","name":"projects/shine-on-cosmetics","resources":{"hostingSite":"shine-on-cosmetics"},"state":"ACTIVE","etag":"1_bf98ceb0-6ea2-4ad5-a351-181a43e7bd44"}
[info] i  functions: Watching "/home/godwin/GitHub/Shine On Cosmetics/functions" for Cloud Functions... {"metadata":{"emulator":{"name":"functions"},"message":"Watching \"/home/godwin/GitHub/Shine On Cosmetics/functions\" for Cloud Functions..."}}
[info] i  hosting[shine-on-cosmetics]: Serving hosting files from: public {"metadata":{"emulator":{"name":"hosting"},"message":"Serving hosting files from: \u001b[1mpublic\u001b[22m"}}
[info] ✔  hosting[shine-on-cosmetics]: Local server: http://localhost:5000 {"metadata":{"emulator":{"name":"hosting"},"message":"Local server: \u001b[4m\u001b[1mhttp://localhost:5000\u001b[22m\u001b[24m"}}
[debug] [2026-02-19T22:57:26.555Z] Validating nodejs source
[debug] [2026-02-19T22:57:27.754Z] > [functions] package.json contents: {
  "name": "functions",
  "description": "Cloud Functions for Firebase",
  "scripts": {
    "serve": "firebase emulators:start --only functions",
    "shell": "firebase functions:shell",
    "start": "npm run shell",
    "deploy": "firebase deploy --only functions",
    "logs": "firebase functions:log"
  },
  "engines": {
    "node": "24"
  },
  "main": "index.js",
  "dependencies": {
    "firebase-admin": "^13.6.0",
    "firebase-functions": "^7.0.0"
  },
  "devDependencies": {
    "firebase-functions-test": "^3.4.1"
  },
  "private": true
}
[debug] [2026-02-19T22:57:27.754Z] Building nodejs source
[debug] [2026-02-19T22:57:27.755Z] Failed to find version of module node: reached end of search path /home/godwin/GitHub/Shine On Cosmetics/functions/node_modules
[info] ✔  functions: Using node@24 from host. 
[debug] [2026-02-19T22:57:27.757Z] Could not find functions.yaml. Must use http discovery
[debug] [2026-02-19T22:57:27.763Z] Found firebase-functions binary at '/home/godwin/GitHub/Shine On Cosmetics/functions/node_modules/.bin/firebase-functions'
[info] Serving at port 8667

[debug] [2026-02-19T22:57:28.688Z] Got response from /__/functions.yaml {"endpoints":{},"specVersion":"v1alpha1","requiredAPIs":[],"extensions":{}}
[info] ✔  functions: Loaded functions definitions from source: . {"metadata":{"emulator":{"name":"functions"},"message":"Loaded functions definitions from source: ."}}
[info] i  hosting: ::1 - - [19/Feb/2026:22:57:49 +0000] "GET / HTTP/1.1" 200 - "-" "Mozilla/5.0 (X11; Linux x86_64; rv:147.0) Gecko/20100101 Firefox/147.0" {"metadata":{"emulator":{"name":"hosting"},"message":"::1 - - [19/Feb/2026:22:57:49 +0000] \"GET / HTTP/1.1\" 200 - \"-\" \"Mozilla/5.0 (X11; Linux x86_64; rv:147.0) Gecko/20100101 Firefox/147.0\""}}
[info] i  hosting: ::1 - - [19/Feb/2026:22:57:49 +0000] "GET /css/style.css HTTP/1.1" 200 - "http://localhost:5000/" "Mozilla/5.0 (X11; Linux x86_64; rv:147.0) Gecko/20100101 Firefox/147.0" {"metadata":{"emulator":{"name":"hosting"},"message":"::1 - - [19/Feb/2026:22:57:49 +0000] \"GET /css/style.css HTTP/1.1\" 200 - \"http://localhost:5000/\" \"Mozilla/5.0 (X11; Linux x86_64; rv:147.0) Gecko/20100101 Firefox/147.0\""}}
[info] i  hosting: ::1 - - [19/Feb/2026:22:57:49 +0000] "GET /js/components/navbar.js HTTP/1.1" 200 - "http://localhost:5000/" "Mozilla/5.0 (X11; Linux x86_64; rv:147.0) Gecko/20100101 Firefox/147.0" {"metadata":{"emulator":{"name":"hosting"},"message":"::1 - - [19/Feb/2026:22:57:49 +0000] \"GET /js/components/navbar.js HTTP/1.1\" 200 - \"http://localhost:5000/\" \"Mozilla/5.0 (X11; Linux x86_64; rv:147.0) Gecko/20100101 Firefox/147.0\""}}
[info] i  hosting: ::1 - - [19/Feb/2026:22:57:49 +0000] "GET /css/index.css HTTP/1.1" 200 - "http://localhost:5000/" "Mozilla/5.0 (X11; Linux x86_64; rv:147.0) Gecko/20100101 Firefox/147.0" {"metadata":{"emulator":{"name":"hosting"},"message":"::1 - - [19/Feb/2026:22:57:49 +0000] \"GET /css/index.css HTTP/1.1\" 200 - \"http://localhost:5000/\" \"Mozilla/5.0 (X11; Linux x86_64; rv:147.0) Gecko/20100101 Firefox/147.0\""}}
[info] i  hosting: ::1 - - [19/Feb/2026:22:57:49 +0000] "GET /js/components/footer.js HTTP/1.1" 200 - "http://localhost:5000/" "Mozilla/5.0 (X11; Linux x86_64; rv:147.0) Gecko/20100101 Firefox/147.0" {"metadata":{"emulator":{"name":"hosting"},"message":"::1 - - [19/Feb/2026:22:57:49 +0000] \"GET /js/components/footer.js HTTP/1.1\" 200 - \"http://localhost:5000/\" \"Mozilla/5.0 (X11; Linux x86_64; rv:147.0) Gecko/20100101 Firefox/147.0\""}}
[info] i  hosting: ::1 - - [19/Feb/2026:22:57:49 +0000] "GET /js/main.js HTTP/1.1" 200 - "http://localhost:5000/" "Mozilla/5.0 (X11; Linux x86_64; rv:147.0) Gecko/20100101 Firefox/147.0" {"metadata":{"emulator":{"name":"hosting"},"message":"::1 - - [19/Feb/2026:22:57:49 +0000] \"GET /js/main.js HTTP/1.1\" 200 - \"http://localhost:5000/\" \"Mozilla/5.0 (X11; Linux x86_64; rv:147.0) Gecko/20100101 Firefox/147.0\""}}
[info] i  hosting: ::1 - - [19/Feb/2026:22:57:49 +0000] "GET /js/products-data.js HTTP/1.1" 200 - "http://localhost:5000/js/main.js" "Mozilla/5.0 (X11; Linux x86_64; rv:147.0) Gecko/20100101 Firefox/147.0" {"metadata":{"emulator":{"name":"hosting"},"message":"::1 - - [19/Feb/2026:22:57:49 +0000] \"GET /js/products-data.js HTTP/1.1\" 200 - \"http://localhost:5000/js/main.js\" \"Mozilla/5.0 (X11; Linux x86_64; rv:147.0) Gecko/20100101 Firefox/147.0\""}}
[info] i  hosting: ::1 - - [19/Feb/2026:22:57:52 +0000] "GET /about HTTP/1.1" 200 - "http://localhost:5000/" "Mozilla/5.0 (X11; Linux x86_64; rv:147.0) Gecko/20100101 Firefox/147.0" {"metadata":{"emulator":{"name":"hosting"},"message":"::1 - - [19/Feb/2026:22:57:52 +0000] \"GET /about HTTP/1.1\" 200 - \"http://localhost:5000/\" \"Mozilla/5.0 (X11; Linux x86_64; rv:147.0) Gecko/20100101 Firefox/147.0\""}}
[info] i  hosting: ::1 - - [19/Feb/2026:22:57:53 +0000] "GET /css/about.css HTTP/1.1" 200 - "http://localhost:5000/about" "Mozilla/5.0 (X11; Linux x86_64; rv:147.0) Gecko/20100101 Firefox/147.0" {"metadata":{"emulator":{"name":"hosting"},"message":"::1 - - [19/Feb/2026:22:57:53 +0000] \"GET /css/about.css HTTP/1.1\" 200 - \"http://localhost:5000/about\" \"Mozilla/5.0 (X11; Linux x86_64; rv:147.0) Gecko/20100101 Firefox/147.0\""}}
[info] i  hosting: ::1 - - [19/Feb/2026:22:57:57 +0000] "GET /shop HTTP/1.1" 200 - "http://localhost:5000/about" "Mozilla/5.0 (X11; Linux x86_64; rv:147.0) Gecko/20100101 Firefox/147.0" {"metadata":{"emulator":{"name":"hosting"},"message":"::1 - - [19/Feb/2026:22:57:57 +0000] \"GET /shop HTTP/1.1\" 200 - \"http://localhost:5000/about\" \"Mozilla/5.0 (X11; Linux x86_64; rv:147.0) Gecko/20100101 Firefox/147.0\""}}
[info] i  hosting: ::1 - - [19/Feb/2026:22:57:57 +0000] "GET /css/shop.css HTTP/1.1" 200 - "http://localhost:5000/shop" "Mozilla/5.0 (X11; Linux x86_64; rv:147.0) Gecko/20100101 Firefox/147.0" {"metadata":{"emulator":{"name":"hosting"},"message":"::1 - - [19/Feb/2026:22:57:57 +0000] \"GET /css/shop.css HTTP/1.1\" 200 - \"http://localhost:5000/shop\" \"Mozilla/5.0 (X11; Linux x86_64; rv:147.0) Gecko/20100101 Firefox/147.0\""}}
[info] i  hosting: ::1 - - [19/Feb/2026:22:57:57 +0000] "GET /js/shop-logic.js HTTP/1.1" 200 - "http://localhost:5000/shop" "Mozilla/5.0 (X11; Linux x86_64; rv:147.0) Gecko/20100101 Firefox/147.0" {"metadata":{"emulator":{"name":"hosting"},"message":"::1 - - [19/Feb/2026:22:57:57 +0000] \"GET /js/shop-logic.js HTTP/1.1\" 200 - \"http://localhost:5000/shop\" \"Mozilla/5.0 (X11; Linux x86_64; rv:147.0) Gecko/20100101 Firefox/147.0\""}}
[info] i  hosting: ::1 - - [19/Feb/2026:22:58:00 +0000] "GET /auth HTTP/1.1" 200 - "http://localhost:5000/shop" "Mozilla/5.0 (X11; Linux x86_64; rv:147.0) Gecko/20100101 Firefox/147.0" {"metadata":{"emulator":{"name":"hosting"},"message":"::1 - - [19/Feb/2026:22:58:00 +0000] \"GET /auth HTTP/1.1\" 200 - \"http://localhost:5000/shop\" \"Mozilla/5.0 (X11; Linux x86_64; rv:147.0) Gecko/20100101 Firefox/147.0\""}}
[info] i  hosting: ::1 - - [19/Feb/2026:22:58:00 +0000] "GET /css/pages-common.css HTTP/1.1" 200 - "http://localhost:5000/auth" "Mozilla/5.0 (X11; Linux x86_64; rv:147.0) Gecko/20100101 Firefox/147.0" {"metadata":{"emulator":{"name":"hosting"},"message":"::1 - - [19/Feb/2026:22:58:00 +0000] \"GET /css/pages-common.css HTTP/1.1\" 200 - \"http://localhost:5000/auth\" \"Mozilla/5.0 (X11; Linux x86_64; rv:147.0) Gecko/20100101 Firefox/147.0\""}}
[info] i  hosting: ::1 - - [19/Feb/2026:22:58:11 +0000] "GET /dashboard HTTP/1.1" 200 - "http://localhost:5000/auth" "Mozilla/5.0 (X11; Linux x86_64; rv:147.0) Gecko/20100101 Firefox/147.0" {"metadata":{"emulator":{"name":"hosting"},"message":"::1 - - [19/Feb/2026:22:58:11 +0000] \"GET /dashboard HTTP/1.1\" 200 - \"http://localhost:5000/auth\" \"Mozilla/5.0 (X11; Linux x86_64; rv:147.0) Gecko/20100101 Firefox/147.0\""}}
[info] i  hosting: ::1 - - [19/Feb/2026:22:58:11 +0000] "GET /js/components/footer.js HTTP/1.1" 200 - "http://localhost:5000/dashboard" "Mozilla/5.0 (X11; Linux x86_64; rv:147.0) Gecko/20100101 Firefox/147.0" {"metadata":{"emulator":{"name":"hosting"},"message":"::1 - - [19/Feb/2026:22:58:11 +0000] \"GET /js/components/footer.js HTTP/1.1\" 200 - \"http://localhost:5000/dashboard\" \"Mozilla/5.0 (X11; Linux x86_64; rv:147.0) Gecko/20100101 Firefox/147.0\""}}
[info] i  hosting: ::1 - - [19/Feb/2026:22:58:11 +0000] "GET /js/components/navbar.js HTTP/1.1" 200 - "http://localhost:5000/dashboard" "Mozilla/5.0 (X11; Linux x86_64; rv:147.0) Gecko/20100101 Firefox/147.0" {"metadata":{"emulator":{"name":"hosting"},"message":"::1 - - [19/Feb/2026:22:58:11 +0000] \"GET /js/components/navbar.js HTTP/1.1\" 200 - \"http://localhost:5000/dashboard\" \"Mozilla/5.0 (X11; Linux x86_64; rv:147.0) Gecko/20100101 Firefox/147.0\""}}
[info] i  hosting: ::1 - - [19/Feb/2026:22:58:49 +0000] "GET /dashboard HTTP/1.1" 304 - "http://localhost:5000/dashboard" "Mozilla/5.0 (iPhone; CPU iPhone OS 14_6 like Mac OS X) AppleWebKit/605.1.15 (KHTML, like Gecko) Version/14.0.3 Mobile/15E148 Safari/604.1" {"metadata":{"emulator":{"name":"hosting"},"message":"::1 - - [19/Feb/2026:22:58:49 +0000] \"GET /dashboard HTTP/1.1\" 304 - \"http://localhost:5000/dashboard\" \"Mozilla/5.0 (iPhone; CPU iPhone OS 14_6 like Mac OS X) AppleWebKit/605.1.15 (KHTML, like Gecko) Version/14.0.3 Mobile/15E148 Safari/604.1\""}}
[info] i  hosting: ::1 - - [19/Feb/2026:22:58:50 +0000] "GET /js/components/navbar.js HTTP/1.1" 200 - "http://localhost:5000/dashboard" "Mozilla/5.0 (iPhone; CPU iPhone OS 14_6 like Mac OS X) AppleWebKit/605.1.15 (KHTML, like Gecko) Version/14.0.3 Mobile/15E148 Safari/604.1" {"metadata":{"emulator":{"name":"hosting"},"message":"::1 - - [19/Feb/2026:22:58:50 +0000] \"GET /js/components/navbar.js HTTP/1.1\" 200 - \"http://localhost:5000/dashboard\" \"Mozilla/5.0 (iPhone; CPU iPhone OS 14_6 like Mac OS X) AppleWebKit/605.1.15 (KHTML, like Gecko) Version/14.0.3 Mobile/15E148 Safari/604.1\""}}
[info] i  hosting: ::1 - - [19/Feb/2026:22:58:50 +0000] "GET /js/components/footer.js HTTP/1.1" 200 - "http://localhost:5000/dashboard" "Mozilla/5.0 (iPhone; CPU iPhone OS 14_6 like Mac OS X) AppleWebKit/605.1.15 (KHTML, like Gecko) Version/14.0.3 Mobile/15E148 Safari/604.1" {"metadata":{"emulator":{"name":"hosting"},"message":"::1 - - [19/Feb/2026:22:58:50 +0000] \"GET /js/components/footer.js HTTP/1.1\" 200 - \"http://localhost:5000/dashboard\" \"Mozilla/5.0 (iPhone; CPU iPhone OS 14_6 like Mac OS X) AppleWebKit/605.1.15 (KHTML, like Gecko) Version/14.0.3 Mobile/15E148 Safari/604.1\""}}
[info] i  hosting: ::1 - - [19/Feb/2026:22:58:53 +0000] "GET /auth HTTP/1.1" 304 - "http://localhost:5000/dashboard" "Mozilla/5.0 (iPhone; CPU iPhone OS 14_6 like Mac OS X) AppleWebKit/605.1.15 (KHTML, like Gecko) Version/14.0.3 Mobile/15E148 Safari/604.1" {"metadata":{"emulator":{"name":"hosting"},"message":"::1 - - [19/Feb/2026:22:58:53 +0000] \"GET /auth HTTP/1.1\" 304 - \"http://localhost:5000/dashboard\" \"Mozilla/5.0 (iPhone; CPU iPhone OS 14_6 like Mac OS X) AppleWebKit/605.1.15 (KHTML, like Gecko) Version/14.0.3 Mobile/15E148 Safari/604.1\""}}
[info] i  hosting: ::1 - - [19/Feb/2026:22:59:03 +0000] "GET /admin HTTP/1.1" 200 - "-" "Mozilla/5.0 (iPhone; CPU iPhone OS 14_6 like Mac OS X) AppleWebKit/605.1.15 (KHTML, like Gecko) Version/14.0.3 Mobile/15E148 Safari/604.1" {"metadata":{"emulator":{"name":"hosting"},"message":"::1 - - [19/Feb/2026:22:59:03 +0000] \"GET /admin HTTP/1.1\" 200 - \"-\" \"Mozilla/5.0 (iPhone; CPU iPhone OS 14_6 like Mac OS X) AppleWebKit/605.1.15 (KHTML, like Gecko) Version/14.0.3 Mobile/15E148 Safari/604.1\""}}
[info] i  hosting: ::1 - - [19/Feb/2026:22:59:03 +0000] "GET /admin.css HTTP/1.1" 404 148 "http://localhost:5000/admin" "Mozilla/5.0 (iPhone; CPU iPhone OS 14_6 like Mac OS X) AppleWebKit/605.1.15 (KHTML, like Gecko) Version/14.0.3 Mobile/15E148 Safari/604.1" {"metadata":{"emulator":{"name":"hosting"},"message":"::1 - - [19/Feb/2026:22:59:03 +0000] \"GET /admin.css HTTP/1.1\" 404 148 \"http://localhost:5000/admin\" \"Mozilla/5.0 (iPhone; CPU iPhone OS 14_6 like Mac OS X) AppleWebKit/605.1.15 (KHTML, like Gecko) Version/14.0.3 Mobile/15E148 Safari/604.1\""}}
[info] i  hosting: ::1 - - [19/Feb/2026:22:59:03 +0000] "GET /admin-logic.js HTTP/1.1" 404 153 "http://localhost:5000/admin" "Mozilla/5.0 (iPhone; CPU iPhone OS 14_6 like Mac OS X) AppleWebKit/605.1.15 (KHTML, like Gecko) Version/14.0.3 Mobile/15E148 Safari/604.1" {"metadata":{"emulator":{"name":"hosting"},"message":"::1 - - [19/Feb/2026:22:59:03 +0000] \"GET /admin-logic.js HTTP/1.1\" 404 153 \"http://localhost:5000/admin\" \"Mozilla/5.0 (iPhone; CPU iPhone OS 14_6 like Mac OS X) AppleWebKit/605.1.15 (KHTML, like Gecko) Version/14.0.3 Mobile/15E148 Safari/604.1\""}}
